Starting a Gradle Daemon, 1 incompatible Daemon could not be reused, use --status for details
> Task :app:preBuild UP-TO-DATE
> Task :app:preDebugBuild UP-TO-DATE
> Task :app:mergeDebugNativeDebugMetadata NO-SOURCE
> Task :app:checkKotlinGradlePluginConfigurationErrors
> Task :app:checkDebugAarMetadata UP-TO-DATE
> Task :app:generateDebugResValues UP-TO-DATE
> Task :app:mapDebugSourceSetPaths UP-TO-DATE
> Task :app:generateDebugResources UP-TO-DATE
> Task :app:mergeDebugResources UP-TO-DATE
> Task :app:packageDebugResources UP-TO-DATE
> Task :app:parseDebugLocalResources UP-TO-DATE
> Task :app:createDebugCompatibleScreenManifests UP-TO-DATE
> Task :app:extractDeepLinksDebug UP-TO-DATE
> Task :app:processDebugMainManifest UP-TO-DATE
> Task :app:processDebugManifest UP-TO-DATE
> Task :app:processDebugManifestForPackage UP-TO-DATE
> Task :app:processDebugResources UP-TO-DATE
> Task :app:kspDebugKotlin UP-TO-DATE
> Task :app:javaPreCompileDebug UP-TO-DATE
> Task :app:mergeDebugShaders UP-TO-DATE
> Task :app:compileDebugShaders NO-SOURCE
> Task :app:generateDebugAssets UP-TO-DATE
> Task :app:mergeDebugAssets UP-TO-DATE
> Task :app:compressDebugAssets UP-TO-DATE
> Task :app:desugarDebugFileDependencies UP-TO-DATE
> Task :app:checkDebugDuplicateClasses UP-TO-DATE
> Task :app:mergeExtDexDebug UP-TO-DATE
> Task :app:mergeLibDexDebug UP-TO-DATE
> Task :app:mergeDebugJniLibFolders UP-TO-DATE
> Task :app:mergeDebugNativeLibs NO-SOURCE
> Task :app:stripDebugDebugSymbols NO-SOURCE
> Task :app:validateSigningDebug UP-TO-DATE
> Task :app:writeDebugAppMetadata UP-TO-DATE
> Task :app:writeDebugSigningConfigVersions UP-TO-DATE

> Task :app:compileDebugKotlin
w: file:///home/ice/Devlopment/UnifiedHub/app/src/main/java/com/unifiedotaku/app/data/extensions/ExtensionLoader.kt:51:174 'GET_SIGNATURES: Int' is deprecated. Deprecated in Java
w: file:///home/ice/Devlopment/UnifiedHub/app/src/main/java/com/unifiedotaku/app/data/extensions/ExtensionLoader.kt:67:109 'GET_SIGNATURES: Int' is deprecated. Deprecated in Java
w: file:///home/ice/Devlopment/UnifiedHub/app/src/main/java/com/unifiedotaku/app/data/extensions/ExtensionLoader.kt:96:56 'signatures: Array<(out) Signature!>!' is deprecated. Deprecated in Java
w: file:///home/ice/Devlopment/UnifiedHub/app/src/main/java/com/unifiedotaku/app/ui/navigation/Routes.kt:77:37 'MenuBook: ImageVector' is deprecated. Use the AutoMirrored version at Icons.AutoMirrored.Filled.MenuBook
w: file:///home/ice/Devlopment/UnifiedHub/app/src/main/java/com/unifiedotaku/app/ui/navigation/Routes.kt:78:41 'MenuBook: ImageVector' is deprecated. Use the AutoMirrored version at Icons.AutoMirrored.Outlined.MenuBook
w: file:///home/ice/Devlopment/UnifiedHub/app/src/main/java/com/unifiedotaku/app/ui/screens/manga/MangaScreen.kt:44:5 Parameter 'onViewAllClick' is never used
w: file:///home/ice/Devlopment/UnifiedHub/app/src/main/java/com/unifiedotaku/app/ui/screens/manga/MangaScreen.kt:506:5 Parameter 'id' is never used
w: file:///home/ice/Devlopment/UnifiedHub/app/src/main/java/com/unifiedotaku/app/ui/screens/more/MoreScreen.kt:85:47 'MenuBook: ImageVector' is deprecated. Use the AutoMirrored version at Icons.AutoMirrored.Outlined.MenuBook
w: file:///home/ice/Devlopment/UnifiedHub/app/src/main/java/com/unifiedotaku/app/ui/screens/more/MoreScreen.kt:208:52 'MenuBook: ImageVector' is deprecated. Use the AutoMirrored version at Icons.AutoMirrored.Outlined.MenuBook
w: file:///home/ice/Devlopment/UnifiedHub/app/src/main/java/com/unifiedotaku/app/ui/screens/more/MoreScreen.kt:209:52 'ShowChart: ImageVector' is deprecated. Use the AutoMirrored version at Icons.AutoMirrored.Outlined.ShowChart
w: file:///home/ice/Devlopment/UnifiedHub/app/src/main/java/com/unifiedotaku/app/ui/screens/reader/MangaReaderScreen.kt:58:5 Parameter 'chapterId' is never used
w: file:///home/ice/Devlopment/UnifiedHub/app/src/main/java/com/unifiedotaku/app/ui/screens/reader/MangaReaderScreen.kt:63:9 Variable 'scope' is never used
w: file:///home/ice/Devlopment/UnifiedHub/app/src/main/java/com/unifiedotaku/app/ui/screens/reader/MangaReaderScreen.kt:356:5 Parameter 'isRtl' is never used
w: file:///home/ice/Devlopment/UnifiedHub/app/src/main/java/com/unifiedotaku/app/ui/screens/series/SeriesDetailScreen.kt:53:5 Parameter 'seriesId' is never used
w: file:///home/ice/Devlopment/UnifiedHub/app/src/main/java/com/unifiedotaku/app/ui/screens/series/SeriesDetailScreen.kt:152:47 'ArrowBack: ImageVector' is deprecated. Use the AutoMirrored version at Icons.AutoMirrored.Filled.ArrowBack
w: file:///home/ice/Devlopment/UnifiedHub/app/src/main/java/com/unifiedotaku/app/ui/screens/series/SeriesDetailScreen.kt:176:211 'StarHalf: ImageVector' is deprecated. Use the AutoMirrored version at Icons.AutoMirrored.Filled.StarHalf
w: file:///home/ice/Devlopment/UnifiedHub/app/src/main/java/com/unifiedotaku/app/ui/screens/series/SeriesDetailScreen.kt:273:51 'List: ImageVector' is deprecated. Use the AutoMirrored version at Icons.AutoMirrored.Filled.List
w: file:///home/ice/Devlopment/UnifiedHub/app/src/main/java/com/unifiedotaku/app/ui/screens/series/SeriesDetailScreen.kt:340:53 'MenuBook: ImageVector' is deprecated. Use the AutoMirrored version at Icons.AutoMirrored.Outlined.MenuBook
w: file:///home/ice/Devlopment/UnifiedHub/app/src/main/java/com/unifiedotaku/app/ui/screens/series/SeriesViewModel.kt:230:57 Unnecessary safe call on a non-null receiver of type AnimeImagesDto
w: file:///home/ice/Devlopment/UnifiedHub/app/src/main/java/com/unifiedotaku/app/ui/screens/series/SeriesViewModel.kt:230:97 Unnecessary safe call on a non-null receiver of type AnimeImagesDto
e: file:///home/ice/Devlopment/UnifiedHub/app/src/main/java/com/unifiedotaku/app/data/extensions/manga/ComixSource.kt:16:1 Class 'ComixSource' is not abstract and does not implement abstract member public abstract val id: Long defined in com.unifiedotaku.app.data.extensions.MangaSource
e: file:///home/ice/Devlopment/UnifiedHub/app/src/main/java/com/unifiedotaku/app/data/extensions/manga/ComixSource.kt:32:5 Cannot weaken access privilege 'public' for 'headers' in 'MangaSource'
e: file:///home/ice/Devlopment/UnifiedHub/app/src/main/java/com/unifiedotaku/app/data/extensions/manga/ComixSource.kt:32:17 'headers' hides member of supertype 'MangaSource' and needs 'override' modifier

> Task :app:compileDebugKotlin FAILED

[Incubating] Problems report is available at: file:///home/ice/Devlopment/UnifiedHub/build/reports/problems/problems-report.html

FAILURE: Build failed with an exception.

* What went wrong:
Execution failed for task ':app:compileDebugKotlin'.
> A failure occurred while executing org.jetbrains.kotlin.compilerRunner.GradleCompilerRunnerWithWorkers$GradleKotlinCompilerWorkAction
   > Compilation error. See log for more details

* Try:
> Run with --stacktrace option to get the stack trace.
> Run with --info or --debug option to get more log output.
> Run with --scan to get full insights.
> Get more help at https://help.gradle.org.

Deprecated Gradle features were used in this build, making it incompatible with Gradle 9.0.

You can use '--warning-mode all' to show the individual deprecation warnings and determine if they come from your own scripts or plugins.

For more on this, please refer to https://docs.gradle.org/8.12/userguide/command_line_interface.html#sec:command_line_warnings in the Gradle documentation.

BUILD FAILED in 27s
27 actionable tasks: 2 executed, 25 up-to-date
